// Jest Snapshot v1, https://goo.gl/fbAQLP

exports[`Store â€º Custom Get custom snapshot when it is not ready 1`] = `
Object {
  "entities": Array [],
  "fetching": false,
  "name": "test",
  "page": [Function],
  "pages": Array [],
  "params": Object {},
  "ready": false,
  "total": Object {
    "entities": null,
    "fetched": Object {
      "entities": null,
      "pages": null,
    },
    "pages": null,
  },
  "url": "/",
}
`;
